###############################################################################
#                                                                             #
# IAR ELF Linker V6.40.2.53884/W32 for ARM              10/Oct/2015  20:37:26 #
# Copyright 2007-2012 IAR Systems AB.                                         #
#                                                                             #
#    Output file  =  C:\Users\SeongHo\Documents\LED_POV\05_ARM_Code_Cube\EWAR #
#                    M\05_ARM_Code_Cube Configuration\Exe\05_ARM_Code_Cube    #
#                    Configuration.out                                        #
#    Map file     =  C:\Users\SeongHo\Documents\LED_POV\05_ARM_Code_Cube\EWAR #
#                    M\05_ARM_Code_Cube Configuration/List\05_ARM_Code_Cube   #
#                    Configuration.map                                        #
#    Command line =  "C:\Users\SeongHo\Documents\LED_POV\05_ARM_Code_Cube\EWA #
#                    RM\05_ARM_Code_Cube Configuration\Obj\main.o"            #
#                    "C:\Users\SeongHo\Documents\LED_POV\05_ARM_Code_Cube\EWA #
#                    RM\05_ARM_Code_Cube Configuration\Obj\startup_stm32f429x #
#                    x.o" "C:\Users\SeongHo\Documents\LED_POV\05_ARM_Code_Cub #
#                    e\EWARM\05_ARM_Code_Cube Configuration\Obj\stm32f4xx_hal #
#                    .o" "C:\Users\SeongHo\Documents\LED_POV\05_ARM_Code_Cube #
#                    \EWARM\05_ARM_Code_Cube Configuration\Obj\stm32f4xx_hal_ #
#                    cortex.o" "C:\Users\SeongHo\Documents\LED_POV\05_ARM_Cod #
#                    e_Cube\EWARM\05_ARM_Code_Cube                            #
#                    Configuration\Obj\stm32f4xx_hal_dma.o"                   #
#                    "C:\Users\SeongHo\Documents\LED_POV\05_ARM_Code_Cube\EWA #
#                    RM\05_ARM_Code_Cube Configuration\Obj\stm32f4xx_hal_dma_ #
#                    ex.o" "C:\Users\SeongHo\Documents\LED_POV\05_ARM_Code_Cu #
#                    be\EWARM\05_ARM_Code_Cube Configuration\Obj\stm32f4xx_ha #
#                    l_flash.o" "C:\Users\SeongHo\Documents\LED_POV\05_ARM_Co #
#                    de_Cube\EWARM\05_ARM_Code_Cube                           #
#                    Configuration\Obj\stm32f4xx_hal_flash_ex.o"              #
#                    "C:\Users\SeongHo\Documents\LED_POV\05_ARM_Code_Cube\EWA #
#                    RM\05_ARM_Code_Cube Configuration\Obj\stm32f4xx_hal_flas #
#                    h_ramfunc.o" "C:\Users\SeongHo\Documents\LED_POV\05_ARM_ #
#                    Code_Cube\EWARM\05_ARM_Code_Cube                         #
#                    Configuration\Obj\stm32f4xx_hal_gpio.o"                  #
#                    "C:\Users\SeongHo\Documents\LED_POV\05_ARM_Code_Cube\EWA #
#                    RM\05_ARM_Code_Cube Configuration\Obj\stm32f4xx_hal_msp. #
#                    o" "C:\Users\SeongHo\Documents\LED_POV\05_ARM_Code_Cube\ #
#                    EWARM\05_ARM_Code_Cube Configuration\Obj\stm32f4xx_hal_p #
#                    wr.o" "C:\Users\SeongHo\Documents\LED_POV\05_ARM_Code_Cu #
#                    be\EWARM\05_ARM_Code_Cube Configuration\Obj\stm32f4xx_ha #
#                    l_pwr_ex.o" "C:\Users\SeongHo\Documents\LED_POV\05_ARM_C #
#                    ode_Cube\EWARM\05_ARM_Code_Cube                          #
#                    Configuration\Obj\stm32f4xx_hal_rcc.o"                   #
#                    "C:\Users\SeongHo\Documents\LED_POV\05_ARM_Code_Cube\EWA #
#                    RM\05_ARM_Code_Cube Configuration\Obj\stm32f4xx_hal_rcc_ #
#                    ex.o" "C:\Users\SeongHo\Documents\LED_POV\05_ARM_Code_Cu #
#                    be\EWARM\05_ARM_Code_Cube Configuration\Obj\stm32f4xx_it #
#                    .o" "C:\Users\SeongHo\Documents\LED_POV\05_ARM_Code_Cube #
#                    \EWARM\05_ARM_Code_Cube Configuration\Obj\system_stm32f4 #
#                    xx.o" --redirect _Printf=_PrintfFull --redirect          #
#                    _Scanf=_ScanfFull -o "C:\Users\SeongHo\Documents\LED_POV #
#                    \05_ARM_Code_Cube\EWARM\05_ARM_Code_Cube                 #
#                    Configuration\Exe\05_ARM_Code_Cube Configuration.out"    #
#                    --map "C:\Users\SeongHo\Documents\LED_POV\05_ARM_Code_Cu #
#                    be\EWARM\05_ARM_Code_Cube Configuration/List\05_ARM_Code #
#                    _Cube Configuration.map" --config                        #
#                    C:\Users\SeongHo\Documents\LED_POV\05_ARM_Code_Cube\EWAR #
#                    M\stm32f429xx_flash.icf --semihosting --entry            #
#                    __iar_program_start --vfe                                #
#                                                                             #
#                                                                             #
###############################################################################

*******************************************************************************
*** RUNTIME MODEL ATTRIBUTES
***

CppFlavor       = *
__SystemLibrary = DLib


*******************************************************************************
*** PLACEMENT SUMMARY
***

"A1":  place at 0x08000000 { ro section .intvec };
"P1":  place in [from 0x08000000 to 0x081fffff] { ro };
"P2":  place in [from 0x20000000 to 0x2002ffff] { rw, block CSTACK, block HEAP };

  Section            Kind        Address   Size  Object
  -------            ----        -------   ----  ------
"A1":                                     0x1ac
  .intvec            ro code  0x08000000  0x1ac  startup_stm32f429xx.o [1]
                            - 0x080001ac  0x1ac

"P1":                                     0xdbc
  .text              ro code  0x080001ac  0x4e4  stm32f4xx_hal_rcc.o [1]
  .text              ro code  0x08000690   0x64  stm32f4xx_hal.o [1]
  .text              ro code  0x080006f4   0xb8  stm32f4xx_hal_cortex.o [1]
  .text              ro code  0x080007ac   0x18  stm32f4xx_hal_msp.o [1]
  .text              ro code  0x080007c4  0x280  main.o [1]
  .text              ro code  0x08000a44  0x1ec  stm32f4xx_hal_gpio.o [1]
  .text              ro code  0x08000c30   0x74  stm32f4xx_hal_pwr_ex.o [1]
  .text              ro code  0x08000ca4   0x40  system_stm32f4xx.o [1]
  .text              ro code  0x08000ce4   0x2e  copy_init3.o [4]
  .text              ro code  0x08000d12   0x22  zero_init3.o [4]
  .text              ro code  0x08000d34   0x28  data_init3.o [4]
  .iar.init_table    const    0x08000d5c   0x24  - Linker created -
  .text              ro code  0x08000d80   0x16  cmain.o [4]
  .text              ro code  0x08000d96    0x4  low_level_init.o [3]
  .text              ro code  0x08000d9a    0x4  exit.o [3]
  .text              ro code  0x08000da0    0xa  cexit.o [4]
  .text              ro code  0x08000dac   0x14  exit.o [5]
  .text              ro code  0x08000dc0   0x10  startup_stm32f429xx.o [1]
  .text              ro code  0x08000dd0    0xc  cstartup_M.o [4]
  .text              ro code  0x08000ddc    0x4  startup_stm32f429xx.o [1]
  .text              ro code  0x08000de0    0x4  startup_stm32f429xx.o [1]
  .text              ro code  0x08000de4    0x4  startup_stm32f429xx.o [1]
  .text              ro code  0x08000de8    0x4  startup_stm32f429xx.o [1]
  .text              ro code  0x08000dec    0x4  startup_stm32f429xx.o [1]
  .text              ro code  0x08000df0    0x4  startup_stm32f429xx.o [1]
  .text              ro code  0x08000df4    0x4  startup_stm32f429xx.o [1]
  .text              ro code  0x08000df8    0x4  startup_stm32f429xx.o [1]
  .text              ro code  0x08000dfc    0x4  startup_stm32f429xx.o [1]
  .text              ro code  0x08000e00    0x4  startup_stm32f429xx.o [1]
  .text              ro code  0x08000e04    0x4  startup_stm32f429xx.o [1]
  .text              ro code  0x08000e08    0x4  startup_stm32f429xx.o [1]
  .text              ro code  0x08000e0c    0x4  startup_stm32f429xx.o [1]
  .text              ro code  0x08000e10    0x4  startup_stm32f429xx.o [1]
  .text              ro code  0x08000e14    0x4  startup_stm32f429xx.o [1]
  .text              ro code  0x08000e18    0x4  startup_stm32f429xx.o [1]
  .text              ro code  0x08000e1c    0x4  startup_stm32f429xx.o [1]
  .text              ro code  0x08000e20    0x4  startup_stm32f429xx.o [1]
  .text              ro code  0x08000e24    0x4  startup_stm32f429xx.o [1]
  .text              ro code  0x08000e28    0x4  startup_stm32f429xx.o [1]
  .text              ro code  0x08000e2c    0x4  startup_stm32f429xx.o [1]
  .text              ro code  0x08000e30    0x4  startup_stm32f429xx.o [1]
  .text              ro code  0x08000e34    0x4  startup_stm32f429xx.o [1]
  .text              ro code  0x08000e38    0x4  startup_stm32f429xx.o [1]
  .text              ro code  0x08000e3c    0x4  startup_stm32f429xx.o [1]
  .text              ro code  0x08000e40    0x4  startup_stm32f429xx.o [1]
  .text              ro code  0x08000e44    0x4  startup_stm32f429xx.o [1]
  .text              ro code  0x08000e48    0x4  startup_stm32f429xx.o [1]
  .text              ro code  0x08000e4c    0x4  startup_stm32f429xx.o [1]
  .text              ro code  0x08000e50    0x4  startup_stm32f429xx.o [1]
  .text              ro code  0x08000e54    0x4  startup_stm32f429xx.o [1]
  .text              ro code  0x08000e58    0x4  startup_stm32f429xx.o [1]
  .text              ro code  0x08000e5c    0x4  startup_stm32f429xx.o [1]
  .text              ro code  0x08000e60    0x4  startup_stm32f429xx.o [1]
  .text              ro code  0x08000e64    0x4  startup_stm32f429xx.o [1]
  .text              ro code  0x08000e68    0x4  startup_stm32f429xx.o [1]
  .text              ro code  0x08000e6c    0x4  startup_stm32f429xx.o [1]
  .text              ro code  0x08000e70    0x4  startup_stm32f429xx.o [1]
  .text              ro code  0x08000e74    0x4  startup_stm32f429xx.o [1]
  .text              ro code  0x08000e78    0x4  startup_stm32f429xx.o [1]
  .text              ro code  0x08000e7c    0x4  startup_stm32f429xx.o [1]
  .text              ro code  0x08000e80    0x4  startup_stm32f429xx.o [1]
  .text              ro code  0x08000e84    0x4  startup_stm32f429xx.o [1]
  .text              ro code  0x08000e88    0x4  startup_stm32f429xx.o [1]
  .text              ro code  0x08000e8c    0x4  startup_stm32f429xx.o [1]
  .text              ro code  0x08000e90    0x4  startup_stm32f429xx.o [1]
  .text              ro code  0x08000e94    0x4  startup_stm32f429xx.o [1]
  .text              ro code  0x08000e98    0x4  startup_stm32f429xx.o [1]
  .text              ro code  0x08000e9c    0x4  startup_stm32f429xx.o [1]
  .text              ro code  0x08000ea0    0x4  startup_stm32f429xx.o [1]
  .text              ro code  0x08000ea4    0x4  startup_stm32f429xx.o [1]
  .text              ro code  0x08000ea8    0x4  startup_stm32f429xx.o [1]
  .text              ro code  0x08000eac    0x4  startup_stm32f429xx.o [1]
  .text              ro code  0x08000eb0    0x4  startup_stm32f429xx.o [1]
  .text              ro code  0x08000eb4    0x4  startup_stm32f429xx.o [1]
  .text              ro code  0x08000eb8    0x4  startup_stm32f429xx.o [1]
  .text              ro code  0x08000ebc    0x4  startup_stm32f429xx.o [1]
  .text              ro code  0x08000ec0    0x4  startup_stm32f429xx.o [1]
  .text              ro code  0x08000ec4    0x4  startup_stm32f429xx.o [1]
  .text              ro code  0x08000ec8    0x4  startup_stm32f429xx.o [1]
  .text              ro code  0x08000ecc    0x4  startup_stm32f429xx.o [1]
  .text              ro code  0x08000ed0    0x4  startup_stm32f429xx.o [1]
  .text              ro code  0x08000ed4    0x4  startup_stm32f429xx.o [1]
  .text              ro code  0x08000ed8    0x4  startup_stm32f429xx.o [1]
  .text              ro code  0x08000edc    0x4  startup_stm32f429xx.o [1]
  .text              ro code  0x08000ee0    0x4  startup_stm32f429xx.o [1]
  .text              ro code  0x08000ee4    0x4  startup_stm32f429xx.o [1]
  .text              ro code  0x08000ee8    0x4  startup_stm32f429xx.o [1]
  .text              ro code  0x08000eec    0x4  startup_stm32f429xx.o [1]
  .text              ro code  0x08000ef0    0x4  startup_stm32f429xx.o [1]
  .text              ro code  0x08000ef4    0x4  startup_stm32f429xx.o [1]
  .text              ro code  0x08000ef8    0x4  startup_stm32f429xx.o [1]
  .text              ro code  0x08000efc    0x4  startup_stm32f429xx.o [1]
  .text              ro code  0x08000f00    0x4  startup_stm32f429xx.o [1]
  .text              ro code  0x08000f04    0x4  startup_stm32f429xx.o [1]
  .text              ro code  0x08000f08    0x4  startup_stm32f429xx.o [1]
  .text              ro code  0x08000f0c    0x4  startup_stm32f429xx.o [1]
  .text              ro code  0x08000f10    0x4  startup_stm32f429xx.o [1]
  .text              ro code  0x08000f14    0x4  startup_stm32f429xx.o [1]
  .text              ro code  0x08000f18    0x4  startup_stm32f429xx.o [1]
  .text              ro code  0x08000f1c    0x4  startup_stm32f429xx.o [1]
  .text              ro code  0x08000f20    0x4  startup_stm32f429xx.o [1]
  .text              ro code  0x08000f24    0x4  startup_stm32f429xx.o [1]
  .text              ro code  0x08000f28    0x4  startup_stm32f429xx.o [1]
  .text              ro code  0x08000f2c    0x4  startup_stm32f429xx.o [1]
  .text              ro code  0x08000f30    0x4  startup_stm32f429xx.o [1]
  .text              ro code  0x08000f34    0x4  startup_stm32f429xx.o [1]
  .text              ro code  0x08000f38    0x4  startup_stm32f429xx.o [1]
  .text              ro code  0x08000f3c    0x4  startup_stm32f429xx.o [1]
  .text              ro code  0x08000f40    0x4  startup_stm32f429xx.o [1]
  .text              ro code  0x08000f44    0x4  startup_stm32f429xx.o [1]
  .text              ro code  0x08000f48    0x4  startup_stm32f429xx.o [1]
  .text              ro code  0x08000f4c    0x4  startup_stm32f429xx.o [1]
  .text              ro code  0x08000f50    0x4  startup_stm32f429xx.o [1]
  .text              ro code  0x08000f54    0x4  startup_stm32f429xx.o [1]
  .text              ro code  0x08000f58    0x4  startup_stm32f429xx.o [1]
  .text              ro code  0x08000f5c    0x4  startup_stm32f429xx.o [1]
  .text              ro code  0x08000f60    0x4  startup_stm32f429xx.o [1]
  .rodata            const    0x08000f64    0x0  zero_init3.o [4]
  .rodata            const    0x08000f64    0x0  copy_init3.o [4]
  Initializer bytes  ro data  0x08000f64    0x4  <for P2 s0>
                            - 0x08000f68  0xdbc

"P2", part 1 of 3:                          0x4
  P2 s0                       0x20000000    0x4  <Init block>
    .data            inited   0x20000000    0x4  system_stm32f4xx.o [1]
                            - 0x20000004    0x4

"P2", part 2 of 3:                          0xc
  .bss               zero     0x20000004    0x4  main.o [1]
  .bss               zero     0x20000008    0x4  main.o [1]
  .bss               zero     0x2000000c    0x4  stm32f4xx_hal.o [1]
                            - 0x20000010    0xc

"P2", part 3 of 3:                        0x400
  CSTACK                      0x20000010  0x400  <Block>
    CSTACK           uninit   0x20000010  0x400  <Block tail>
                            - 0x20000410  0x400


*******************************************************************************
*** INIT TABLE
***

          Address     Size
          -------     ----
Zero (__iar_zero_init3)
    1 destination range, total size 0xc:
          0x20000004   0xc

Copy (__iar_copy_init3)
    1 source range, total size 0x4:
          0x08000f64   0x4
    1 destination range, total size 0x4:
          0x20000000   0x4



*******************************************************************************
*** MODULE SUMMARY
***

    Module                  ro code  ro data  rw data
    ------                  -------  -------  -------
C:\Users\SeongHo\Documents\LED_POV\05_ARM_Code_Cube\EWARM\05_ARM_Code_Cube Configuration\Obj: [1]
    main.o                      640                 8
    startup_stm32f429xx.o       836
    stm32f4xx_hal.o             100                 4
    stm32f4xx_hal_cortex.o      184
    stm32f4xx_hal_gpio.o        492
    stm32f4xx_hal_msp.o          24
    stm32f4xx_hal_pwr_ex.o      116
    stm32f4xx_hal_rcc.o       1 252
    system_stm32f4xx.o           64        4        4
    -------------------------------------------------
    Total:                    3 708        4       16

command line: [2]
    -------------------------------------------------
    Total:

dl7M_tlf.a: [3]
    exit.o                        4
    low_level_init.o              4
    -------------------------------------------------
    Total:                        8

rt7M_tl.a: [4]
    cexit.o                      10
    cmain.o                      22
    copy_init3.o                 46
    cstartup_M.o                 12
    data_init3.o                 40
    zero_init3.o                 34
    -------------------------------------------------
    Total:                      164

shb_l.a: [5]
    exit.o                       20
    -------------------------------------------------
    Total:                       20

    Gaps                          4
    Linker created                        36    1 024
-----------------------------------------------------
    Grand Total:              3 904       40    1 040


*******************************************************************************
*** ENTRY LIST
***

Entry                      Address   Size  Type      Object
-----                      -------   ----  ----      ------
?main                   0x08000d81         Code  Gb  cmain.o [4]
ADC_IRQHandler          0x08000e45         Code  Wk  startup_stm32f429xx.o [1]
APBAHBPrescTable        0x08000680   0x10  Data  Gb  stm32f4xx_hal_rcc.o [1]
B_ON                    0x0800088d   0x38  Code  Gb  main.o [1]
BusFault_Handler        0x08000de9         Code  Wk  startup_stm32f429xx.o [1]
CAN1_RX0_IRQHandler     0x08000e4d         Code  Wk  startup_stm32f429xx.o [1]
CAN1_RX1_IRQHandler     0x08000e51         Code  Wk  startup_stm32f429xx.o [1]
CAN1_SCE_IRQHandler     0x08000e55         Code  Wk  startup_stm32f429xx.o [1]
CAN1_TX_IRQHandler      0x08000e49         Code  Wk  startup_stm32f429xx.o [1]
CAN2_RX0_IRQHandler     0x08000efd         Code  Wk  startup_stm32f429xx.o [1]
CAN2_RX1_IRQHandler     0x08000f01         Code  Wk  startup_stm32f429xx.o [1]
CAN2_SCE_IRQHandler     0x08000f05         Code  Wk  startup_stm32f429xx.o [1]
CAN2_TX_IRQHandler      0x08000ef9         Code  Wk  startup_stm32f429xx.o [1]
CSTACK$$Base            0x20000010          --   Gb  - Linker created -
CSTACK$$Limit           0x20000410          --   Gb  - Linker created -
DCMI_IRQHandler         0x08000f35         Code  Wk  startup_stm32f429xx.o [1]
DMA1_Stream0_IRQHandler
                        0x08000e29         Code  Wk  startup_stm32f429xx.o [1]
DMA1_Stream1_IRQHandler
                        0x08000e2d         Code  Wk  startup_stm32f429xx.o [1]
DMA1_Stream2_IRQHandler
                        0x08000e31         Code  Wk  startup_stm32f429xx.o [1]
DMA1_Stream3_IRQHandler
                        0x08000e35         Code  Wk  startup_stm32f429xx.o [1]
DMA1_Stream4_IRQHandler
                        0x08000e39         Code  Wk  startup_stm32f429xx.o [1]
DMA1_Stream5_IRQHandler
                        0x08000e3d         Code  Wk  startup_stm32f429xx.o [1]
DMA1_Stream6_IRQHandler
                        0x08000e41         Code  Wk  startup_stm32f429xx.o [1]
DMA1_Stream7_IRQHandler
                        0x08000eb9         Code  Wk  startup_stm32f429xx.o [1]
DMA2D_IRQHandler        0x08000f61         Code  Wk  startup_stm32f429xx.o [1]
DMA2_Stream0_IRQHandler
                        0x08000edd         Code  Wk  startup_stm32f429xx.o [1]
DMA2_Stream1_IRQHandler
                        0x08000ee1         Code  Wk  startup_stm32f429xx.o [1]
DMA2_Stream2_IRQHandler
                        0x08000ee5         Code  Wk  startup_stm32f429xx.o [1]
DMA2_Stream3_IRQHandler
                        0x08000ee9         Code  Wk  startup_stm32f429xx.o [1]
DMA2_Stream4_IRQHandler
                        0x08000eed         Code  Wk  startup_stm32f429xx.o [1]
DMA2_Stream5_IRQHandler
                        0x08000f0d         Code  Wk  startup_stm32f429xx.o [1]
DMA2_Stream6_IRQHandler
                        0x08000f11         Code  Wk  startup_stm32f429xx.o [1]
DMA2_Stream7_IRQHandler
                        0x08000f15         Code  Wk  startup_stm32f429xx.o [1]
DebugMon_Handler        0x08000df5         Code  Wk  startup_stm32f429xx.o [1]
Delay                   0x080007d7    0xe  Code  Gb  main.o [1]
ETH_IRQHandler          0x08000ef1         Code  Wk  startup_stm32f429xx.o [1]
ETH_WKUP_IRQHandler     0x08000ef5         Code  Wk  startup_stm32f429xx.o [1]
EXTI0_IRQHandler        0x08000e15         Code  Wk  startup_stm32f429xx.o [1]
EXTI15_10_IRQHandler    0x08000e9d         Code  Wk  startup_stm32f429xx.o [1]
EXTI1_IRQHandler        0x08000e19         Code  Wk  startup_stm32f429xx.o [1]
EXTI2_IRQHandler        0x08000e1d         Code  Wk  startup_stm32f429xx.o [1]
EXTI3_IRQHandler        0x08000e21         Code  Wk  startup_stm32f429xx.o [1]
EXTI4_IRQHandler        0x08000e25         Code  Wk  startup_stm32f429xx.o [1]
EXTI9_5_IRQHandler      0x08000e59         Code  Wk  startup_stm32f429xx.o [1]
FLASH_IRQHandler        0x08000e0d         Code  Wk  startup_stm32f429xx.o [1]
FMC_IRQHandler          0x08000ebd         Code  Wk  startup_stm32f429xx.o [1]
FPU_IRQHandler          0x08000f3d         Code  Wk  startup_stm32f429xx.o [1]
G_ON                    0x080007e5   0x38  Code  Gb  main.o [1]
HAL_GPIO_Init           0x08000a45  0x1b0  Code  Gb  stm32f4xx_hal_gpio.o [1]
HAL_GPIO_WritePin       0x08000bf5    0x8  Code  Gb  stm32f4xx_hal_gpio.o [1]
HAL_GetTick             0x080006e5    0x6  Code  Wk  stm32f4xx_hal.o [1]
HAL_Init                0x08000691   0x30  Code  Gb  stm32f4xx_hal.o [1]
HAL_InitTick            0x080006c1   0x24  Code  Wk  stm32f4xx_hal.o [1]
HAL_MspInit             0x080007ad   0x18  Code  Gb  stm32f4xx_hal_msp.o [1]
HAL_NVIC_SetPriority    0x0800070f   0x4e  Code  Gb  stm32f4xx_hal_cortex.o [1]
HAL_NVIC_SetPriorityGrouping
                        0x080006f5   0x1a  Code  Gb  stm32f4xx_hal_cortex.o [1]
HAL_PWREx_EnableOverDrive
                        0x08000c31   0x46  Code  Gb  stm32f4xx_hal_pwr_ex.o [1]
HAL_RCC_ClockConfig     0x08000431  0x1b0  Code  Gb  stm32f4xx_hal_rcc.o [1]
HAL_RCC_GetHCLKFreq     0x08000637   0x1e  Code  Gb  stm32f4xx_hal_rcc.o [1]
HAL_RCC_GetSysClockFreq
                        0x080005ef   0x48  Code  Wk  stm32f4xx_hal_rcc.o [1]
HAL_RCC_OscConfig       0x080001ad  0x27c  Code  Wk  stm32f4xx_hal_rcc.o [1]
HAL_SYSTICK_CLKSourceConfig
                        0x0800077f   0x14  Code  Gb  stm32f4xx_hal_cortex.o [1]
HAL_SYSTICK_Config      0x0800075d   0x22  Code  Gb  stm32f4xx_hal_cortex.o [1]
HASH_RNG_IRQHandler     0x08000f39         Code  Wk  startup_stm32f429xx.o [1]
HardFault_Handler       0x08000de1         Code  Wk  startup_stm32f429xx.o [1]
I2C1_ER_IRQHandler      0x08000e7d         Code  Wk  startup_stm32f429xx.o [1]
I2C1_EV_IRQHandler      0x08000e79         Code  Wk  startup_stm32f429xx.o [1]
I2C2_ER_IRQHandler      0x08000e85         Code  Wk  startup_stm32f429xx.o [1]
I2C2_EV_IRQHandler      0x08000e81         Code  Wk  startup_stm32f429xx.o [1]
I2C3_ER_IRQHandler      0x08000f21         Code  Wk  startup_stm32f429xx.o [1]
I2C3_EV_IRQHandler      0x08000f1d         Code  Wk  startup_stm32f429xx.o [1]
LTDC_ER_IRQHandler      0x08000f5d         Code  Wk  startup_stm32f429xx.o [1]
LTDC_IRQHandler         0x08000f59         Code  Wk  startup_stm32f429xx.o [1]
MX_GPIO_Init            0x080009df   0x46  Code  Lc  main.o [1]
MemManage_Handler       0x08000de5         Code  Wk  startup_stm32f429xx.o [1]
NMI_Handler             0x08000ddd         Code  Wk  startup_stm32f429xx.o [1]
OFF                     0x080008c5   0x2c  Code  Gb  main.o [1]
OTG_FS_IRQHandler       0x08000f09         Code  Wk  startup_stm32f429xx.o [1]
OTG_FS_WKUP_IRQHandler  0x08000ea5         Code  Wk  startup_stm32f429xx.o [1]
OTG_HS_EP1_IN_IRQHandler
                        0x08000f29         Code  Wk  startup_stm32f429xx.o [1]
OTG_HS_EP1_OUT_IRQHandler
                        0x08000f25         Code  Wk  startup_stm32f429xx.o [1]
OTG_HS_IRQHandler       0x08000f31         Code  Wk  startup_stm32f429xx.o [1]
OTG_HS_WKUP_IRQHandler  0x08000f2d         Code  Wk  startup_stm32f429xx.o [1]
PVD_IRQHandler          0x08000e01         Code  Wk  startup_stm32f429xx.o [1]
PendSV_Handler          0x08000df9         Code  Wk  startup_stm32f429xx.o [1]
RCC_IRQHandler          0x08000e11         Code  Wk  startup_stm32f429xx.o [1]
RTC_Alarm_IRQHandler    0x08000ea1         Code  Wk  startup_stm32f429xx.o [1]
RTC_WKUP_IRQHandler     0x08000e09         Code  Wk  startup_stm32f429xx.o [1]
R_ON                    0x0800081d   0x36  Code  Gb  main.o [1]
Region$$Table$$Base     0x08000d5c          --   Gb  - Linker created -
Region$$Table$$Limit    0x08000d80          --   Gb  - Linker created -
Reset_Handler           0x08000dc1         Code  Wk  startup_stm32f429xx.o [1]
SAI1_IRQHandler         0x08000f55         Code  Wk  startup_stm32f429xx.o [1]
SDIO_IRQHandler         0x08000ec1         Code  Wk  startup_stm32f429xx.o [1]
SPI1_IRQHandler         0x08000e89         Code  Wk  startup_stm32f429xx.o [1]
SPI2_IRQHandler         0x08000e8d         Code  Wk  startup_stm32f429xx.o [1]
SPI3_IRQHandler         0x08000ec9         Code  Wk  startup_stm32f429xx.o [1]
SPI4_IRQHandler         0x08000f49         Code  Wk  startup_stm32f429xx.o [1]
SPI5_IRQHandler         0x08000f4d         Code  Wk  startup_stm32f429xx.o [1]
SPI6_IRQHandler         0x08000f51         Code  Wk  startup_stm32f429xx.o [1]
SVC_Handler             0x08000df1         Code  Wk  startup_stm32f429xx.o [1]
SysTick_Handler         0x080007d5    0x2  Code  Gb  main.o [1]
SystemClock_Config      0x08000951   0x8e  Code  Gb  main.o [1]
SystemCoreClock         0x20000000    0x4  Data  Gb  system_stm32f4xx.o [1]
SystemInit              0x08000ca5   0x30  Code  Gb  system_stm32f4xx.o [1]
TAMP_STAMP_IRQHandler   0x08000e05         Code  Wk  startup_stm32f429xx.o [1]
TIM1_BRK_TIM9_IRQHandler
                        0x08000e5d         Code  Wk  startup_stm32f429xx.o [1]
TIM1_CC_IRQHandler      0x08000e69         Code  Wk  startup_stm32f429xx.o [1]
TIM1_TRG_COM_TIM11_IRQHandler
                        0x08000e65         Code  Wk  startup_stm32f429xx.o [1]
TIM1_UP_TIM10_IRQHandler
                        0x08000e61         Code  Wk  startup_stm32f429xx.o [1]
TIM2_IRQHandler         0x08000e6d         Code  Wk  startup_stm32f429xx.o [1]
TIM3_IRQHandler         0x08000e71         Code  Wk  startup_stm32f429xx.o [1]
TIM4_IRQHandler         0x08000e75         Code  Wk  startup_stm32f429xx.o [1]
TIM5_IRQHandler         0x08000ec5         Code  Wk  startup_stm32f429xx.o [1]
TIM6_DAC_IRQHandler     0x08000ed5         Code  Wk  startup_stm32f429xx.o [1]
TIM7_IRQHandler         0x08000ed9         Code  Wk  startup_stm32f429xx.o [1]
TIM8_BRK_TIM12_IRQHandler
                        0x08000ea9         Code  Wk  startup_stm32f429xx.o [1]
TIM8_CC_IRQHandler      0x08000eb5         Code  Wk  startup_stm32f429xx.o [1]
TIM8_TRG_COM_TIM14_IRQHandler
                        0x08000eb1         Code  Wk  startup_stm32f429xx.o [1]
TIM8_UP_TIM13_IRQHandler
                        0x08000ead         Code  Wk  startup_stm32f429xx.o [1]
TimingDelay             0x20000004    0x4  Data  Lc  main.o [1]
TimingDelay_Decrement   0x080007c5   0x10  Code  Gb  main.o [1]
UART4_IRQHandler        0x08000ecd         Code  Wk  startup_stm32f429xx.o [1]
UART5_IRQHandler        0x08000ed1         Code  Wk  startup_stm32f429xx.o [1]
UART7_IRQHandler        0x08000f41         Code  Wk  startup_stm32f429xx.o [1]
UART8_IRQHandler        0x08000f45         Code  Wk  startup_stm32f429xx.o [1]
USART1_IRQHandler       0x08000e91         Code  Wk  startup_stm32f429xx.o [1]
USART2_IRQHandler       0x08000e95         Code  Wk  startup_stm32f429xx.o [1]
USART3_IRQHandler       0x08000e99         Code  Wk  startup_stm32f429xx.o [1]
USART6_IRQHandler       0x08000f19         Code  Wk  startup_stm32f429xx.o [1]
UsageFault_Handler      0x08000ded         Code  Wk  startup_stm32f429xx.o [1]
WWDG_IRQHandler         0x08000dfd         Code  Wk  startup_stm32f429xx.o [1]
__cmain                 0x08000d81         Code  Gb  cmain.o [4]
__exit                  0x08000dad   0x14  Code  Gb  exit.o [5]
__iar_copy_init3        0x08000ce5   0x2e  Code  Gb  copy_init3.o [4]
__iar_data_init3        0x08000d35   0x28  Code  Gb  data_init3.o [4]
__iar_program_start     0x08000dd1         Code  Gb  cstartup_M.o [4]
__iar_zero_init3        0x08000d13   0x22  Code  Gb  zero_init3.o [4]
__low_level_init        0x08000d97    0x4  Code  Gb  low_level_init.o [3]
__vector_table          0x08000000         Data  Gb  startup_stm32f429xx.o [1]
_call_main              0x08000d8d         Code  Gb  cmain.o [4]
_exit                   0x08000da1         Code  Gb  cexit.o [4]
_main                   0x08000d93         Code  Gb  cmain.o [4]
exit                    0x08000d9b    0x4  Code  Gb  exit.o [3]
k                       0x20000008    0x4  Data  Gb  main.o [1]
main                    0x080008f9   0x54  Code  Gb  main.o [1]
uwTick                  0x2000000c    0x4  Data  Lc  stm32f4xx_hal.o [1]


[1] = C:\Users\SeongHo\Documents\LED_POV\05_ARM_Code_Cube\EWARM\05_ARM_Code_Cube Configuration\Obj
[2] = command line
[3] = dl7M_tlf.a
[4] = rt7M_tl.a
[5] = shb_l.a

  3 904 bytes of readonly  code memory
     40 bytes of readonly  data memory
  1 040 bytes of readwrite data memory

Errors: none
Warnings: none
