###############################################################################
#                                                                             #
# IAR ELF Linker V6.40.2.53884/W32 for ARM              21/Sep/2015  01:02:52 #
# Copyright 2007-2012 IAR Systems AB.                                         #
#                                                                             #
#    Output file  =  C:\Users\SeongHo\Documents\LED_POV\05_ARM_Code_Cube\EWAR #
#                    M\05_ARM_Code_Cube Configuration\Exe\05_ARM_Code_Cube    #
#                    Configuration.out                                        #
#    Map file     =  C:\Users\SeongHo\Documents\LED_POV\05_ARM_Code_Cube\EWAR #
#                    M\05_ARM_Code_Cube Configuration/List\05_ARM_Code_Cube   #
#                    Configuration.map                                        #
#    Command line =  "C:\Users\SeongHo\Documents\LED_POV\05_ARM_Code_Cube\EWA #
#                    RM\05_ARM_Code_Cube Configuration\Obj\main.o"            #
#                    "C:\Users\SeongHo\Documents\LED_POV\05_ARM_Code_Cube\EWA #
#                    RM\05_ARM_Code_Cube Configuration\Obj\startup_stm32f429x #
#                    x.o" "C:\Users\SeongHo\Documents\LED_POV\05_ARM_Code_Cub #
#                    e\EWARM\05_ARM_Code_Cube Configuration\Obj\stm32f4xx_hal #
#                    .o" "C:\Users\SeongHo\Documents\LED_POV\05_ARM_Code_Cube #
#                    \EWARM\05_ARM_Code_Cube Configuration\Obj\stm32f4xx_hal_ #
#                    cortex.o" "C:\Users\SeongHo\Documents\LED_POV\05_ARM_Cod #
#                    e_Cube\EWARM\05_ARM_Code_Cube                            #
#                    Configuration\Obj\stm32f4xx_hal_dma.o"                   #
#                    "C:\Users\SeongHo\Documents\LED_POV\05_ARM_Code_Cube\EWA #
#                    RM\05_ARM_Code_Cube Configuration\Obj\stm32f4xx_hal_dma_ #
#                    ex.o" "C:\Users\SeongHo\Documents\LED_POV\05_ARM_Code_Cu #
#                    be\EWARM\05_ARM_Code_Cube Configuration\Obj\stm32f4xx_ha #
#                    l_flash.o" "C:\Users\SeongHo\Documents\LED_POV\05_ARM_Co #
#                    de_Cube\EWARM\05_ARM_Code_Cube                           #
#                    Configuration\Obj\stm32f4xx_hal_flash_ex.o"              #
#                    "C:\Users\SeongHo\Documents\LED_POV\05_ARM_Code_Cube\EWA #
#                    RM\05_ARM_Code_Cube Configuration\Obj\stm32f4xx_hal_flas #
#                    h_ramfunc.o" "C:\Users\SeongHo\Documents\LED_POV\05_ARM_ #
#                    Code_Cube\EWARM\05_ARM_Code_Cube                         #
#                    Configuration\Obj\stm32f4xx_hal_gpio.o"                  #
#                    "C:\Users\SeongHo\Documents\LED_POV\05_ARM_Code_Cube\EWA #
#                    RM\05_ARM_Code_Cube Configuration\Obj\stm32f4xx_hal_msp. #
#                    o" "C:\Users\SeongHo\Documents\LED_POV\05_ARM_Code_Cube\ #
#                    EWARM\05_ARM_Code_Cube Configuration\Obj\stm32f4xx_hal_p #
#                    wr.o" "C:\Users\SeongHo\Documents\LED_POV\05_ARM_Code_Cu #
#                    be\EWARM\05_ARM_Code_Cube Configuration\Obj\stm32f4xx_ha #
#                    l_pwr_ex.o" "C:\Users\SeongHo\Documents\LED_POV\05_ARM_C #
#                    ode_Cube\EWARM\05_ARM_Code_Cube                          #
#                    Configuration\Obj\stm32f4xx_hal_rcc.o"                   #
#                    "C:\Users\SeongHo\Documents\LED_POV\05_ARM_Code_Cube\EWA #
#                    RM\05_ARM_Code_Cube Configuration\Obj\stm32f4xx_hal_rcc_ #
#                    ex.o" "C:\Users\SeongHo\Documents\LED_POV\05_ARM_Code_Cu #
#                    be\EWARM\05_ARM_Code_Cube Configuration\Obj\stm32f4xx_it #
#                    .o" "C:\Users\SeongHo\Documents\LED_POV\05_ARM_Code_Cube #
#                    \EWARM\05_ARM_Code_Cube Configuration\Obj\system_stm32f4 #
#                    xx.o" --redirect _Printf=_PrintfFull --redirect          #
#                    _Scanf=_ScanfFull -o "C:\Users\SeongHo\Documents\LED_POV #
#                    \05_ARM_Code_Cube\EWARM\05_ARM_Code_Cube                 #
#                    Configuration\Exe\05_ARM_Code_Cube Configuration.out"    #
#                    --map "C:\Users\SeongHo\Documents\LED_POV\05_ARM_Code_Cu #
#                    be\EWARM\05_ARM_Code_Cube Configuration/List\05_ARM_Code #
#                    _Cube Configuration.map" --config                        #
#                    C:\Users\SeongHo\Documents\LED_POV\05_ARM_Code_Cube\EWAR #
#                    M\stm32f429xx_flash.icf --semihosting --entry            #
#                    __iar_program_start --vfe                                #
#                                                                             #
#                                                                             #
###############################################################################

*******************************************************************************
*** RUNTIME MODEL ATTRIBUTES
***

CppFlavor       = *
__SystemLibrary = DLib


*******************************************************************************
*** PLACEMENT SUMMARY
***

"A1":  place at 0x08000000 { ro section .intvec };
"P1":  place in [from 0x08000000 to 0x081fffff] { ro };
"P2":  place in [from 0x20000000 to 0x2002ffff] { rw, block CSTACK, block HEAP };

  Section            Kind        Address   Size  Object
  -------            ----        -------   ----  ------
"A1":                                     0x1ac
  .intvec            ro code  0x08000000  0x1ac  startup_stm32f429xx.o [1]
                            - 0x080001ac  0x1ac

"P1":                                     0xf14
  .text              ro code  0x080001ac  0x4e4  stm32f4xx_hal_rcc.o [1]
  .text              ro code  0x08000690   0x64  stm32f4xx_hal.o [1]
  .text              ro code  0x080006f4   0xb8  stm32f4xx_hal_cortex.o [1]
  .text              ro code  0x080007ac   0x18  stm32f4xx_hal_msp.o [1]
  .text              ro code  0x080007c4  0x3d8  main.o [1]
  .text              ro code  0x08000b9c  0x1ec  stm32f4xx_hal_gpio.o [1]
  .text              ro code  0x08000d88   0x74  stm32f4xx_hal_pwr_ex.o [1]
  .text              ro code  0x08000dfc   0x40  system_stm32f4xx.o [1]
  .text              ro code  0x08000e3c   0x2e  copy_init3.o [4]
  .text              ro code  0x08000e6a   0x22  zero_init3.o [4]
  .text              ro code  0x08000e8c   0x28  data_init3.o [4]
  .iar.init_table    const    0x08000eb4   0x24  - Linker created -
  .text              ro code  0x08000ed8   0x16  cmain.o [4]
  .text              ro code  0x08000eee    0x4  low_level_init.o [3]
  .text              ro code  0x08000ef2    0x4  exit.o [3]
  .text              ro code  0x08000ef8    0xa  cexit.o [4]
  .text              ro code  0x08000f04   0x14  exit.o [5]
  .text              ro code  0x08000f18   0x10  startup_stm32f429xx.o [1]
  .text              ro code  0x08000f28    0xc  cstartup_M.o [4]
  .text              ro code  0x08000f34    0x4  startup_stm32f429xx.o [1]
  .text              ro code  0x08000f38    0x4  startup_stm32f429xx.o [1]
  .text              ro code  0x08000f3c    0x4  startup_stm32f429xx.o [1]
  .text              ro code  0x08000f40    0x4  startup_stm32f429xx.o [1]
  .text              ro code  0x08000f44    0x4  startup_stm32f429xx.o [1]
  .text              ro code  0x08000f48    0x4  startup_stm32f429xx.o [1]
  .text              ro code  0x08000f4c    0x4  startup_stm32f429xx.o [1]
  .text              ro code  0x08000f50    0x4  startup_stm32f429xx.o [1]
  .text              ro code  0x08000f54    0x4  startup_stm32f429xx.o [1]
  .text              ro code  0x08000f58    0x4  startup_stm32f429xx.o [1]
  .text              ro code  0x08000f5c    0x4  startup_stm32f429xx.o [1]
  .text              ro code  0x08000f60    0x4  startup_stm32f429xx.o [1]
  .text              ro code  0x08000f64    0x4  startup_stm32f429xx.o [1]
  .text              ro code  0x08000f68    0x4  startup_stm32f429xx.o [1]
  .text              ro code  0x08000f6c    0x4  startup_stm32f429xx.o [1]
  .text              ro code  0x08000f70    0x4  startup_stm32f429xx.o [1]
  .text              ro code  0x08000f74    0x4  startup_stm32f429xx.o [1]
  .text              ro code  0x08000f78    0x4  startup_stm32f429xx.o [1]
  .text              ro code  0x08000f7c    0x4  startup_stm32f429xx.o [1]
  .text              ro code  0x08000f80    0x4  startup_stm32f429xx.o [1]
  .text              ro code  0x08000f84    0x4  startup_stm32f429xx.o [1]
  .text              ro code  0x08000f88    0x4  startup_stm32f429xx.o [1]
  .text              ro code  0x08000f8c    0x4  startup_stm32f429xx.o [1]
  .text              ro code  0x08000f90    0x4  startup_stm32f429xx.o [1]
  .text              ro code  0x08000f94    0x4  startup_stm32f429xx.o [1]
  .text              ro code  0x08000f98    0x4  startup_stm32f429xx.o [1]
  .text              ro code  0x08000f9c    0x4  startup_stm32f429xx.o [1]
  .text              ro code  0x08000fa0    0x4  startup_stm32f429xx.o [1]
  .text              ro code  0x08000fa4    0x4  startup_stm32f429xx.o [1]
  .text              ro code  0x08000fa8    0x4  startup_stm32f429xx.o [1]
  .text              ro code  0x08000fac    0x4  startup_stm32f429xx.o [1]
  .text              ro code  0x08000fb0    0x4  startup_stm32f429xx.o [1]
  .text              ro code  0x08000fb4    0x4  startup_stm32f429xx.o [1]
  .text              ro code  0x08000fb8    0x4  startup_stm32f429xx.o [1]
  .text              ro code  0x08000fbc    0x4  startup_stm32f429xx.o [1]
  .text              ro code  0x08000fc0    0x4  startup_stm32f429xx.o [1]
  .text              ro code  0x08000fc4    0x4  startup_stm32f429xx.o [1]
  .text              ro code  0x08000fc8    0x4  startup_stm32f429xx.o [1]
  .text              ro code  0x08000fcc    0x4  startup_stm32f429xx.o [1]
  .text              ro code  0x08000fd0    0x4  startup_stm32f429xx.o [1]
  .text              ro code  0x08000fd4    0x4  startup_stm32f429xx.o [1]
  .text              ro code  0x08000fd8    0x4  startup_stm32f429xx.o [1]
  .text              ro code  0x08000fdc    0x4  startup_stm32f429xx.o [1]
  .text              ro code  0x08000fe0    0x4  startup_stm32f429xx.o [1]
  .text              ro code  0x08000fe4    0x4  startup_stm32f429xx.o [1]
  .text              ro code  0x08000fe8    0x4  startup_stm32f429xx.o [1]
  .text              ro code  0x08000fec    0x4  startup_stm32f429xx.o [1]
  .text              ro code  0x08000ff0    0x4  startup_stm32f429xx.o [1]
  .text              ro code  0x08000ff4    0x4  startup_stm32f429xx.o [1]
  .text              ro code  0x08000ff8    0x4  startup_stm32f429xx.o [1]
  .text              ro code  0x08000ffc    0x4  startup_stm32f429xx.o [1]
  .text              ro code  0x08001000    0x4  startup_stm32f429xx.o [1]
  .text              ro code  0x08001004    0x4  startup_stm32f429xx.o [1]
  .text              ro code  0x08001008    0x4  startup_stm32f429xx.o [1]
  .text              ro code  0x0800100c    0x4  startup_stm32f429xx.o [1]
  .text              ro code  0x08001010    0x4  startup_stm32f429xx.o [1]
  .text              ro code  0x08001014    0x4  startup_stm32f429xx.o [1]
  .text              ro code  0x08001018    0x4  startup_stm32f429xx.o [1]
  .text              ro code  0x0800101c    0x4  startup_stm32f429xx.o [1]
  .text              ro code  0x08001020    0x4  startup_stm32f429xx.o [1]
  .text              ro code  0x08001024    0x4  startup_stm32f429xx.o [1]
  .text              ro code  0x08001028    0x4  startup_stm32f429xx.o [1]
  .text              ro code  0x0800102c    0x4  startup_stm32f429xx.o [1]
  .text              ro code  0x08001030    0x4  startup_stm32f429xx.o [1]
  .text              ro code  0x08001034    0x4  startup_stm32f429xx.o [1]
  .text              ro code  0x08001038    0x4  startup_stm32f429xx.o [1]
  .text              ro code  0x0800103c    0x4  startup_stm32f429xx.o [1]
  .text              ro code  0x08001040    0x4  startup_stm32f429xx.o [1]
  .text              ro code  0x08001044    0x4  startup_stm32f429xx.o [1]
  .text              ro code  0x08001048    0x4  startup_stm32f429xx.o [1]
  .text              ro code  0x0800104c    0x4  startup_stm32f429xx.o [1]
  .text              ro code  0x08001050    0x4  startup_stm32f429xx.o [1]
  .text              ro code  0x08001054    0x4  startup_stm32f429xx.o [1]
  .text              ro code  0x08001058    0x4  startup_stm32f429xx.o [1]
  .text              ro code  0x0800105c    0x4  startup_stm32f429xx.o [1]
  .text              ro code  0x08001060    0x4  startup_stm32f429xx.o [1]
  .text              ro code  0x08001064    0x4  startup_stm32f429xx.o [1]
  .text              ro code  0x08001068    0x4  startup_stm32f429xx.o [1]
  .text              ro code  0x0800106c    0x4  startup_stm32f429xx.o [1]
  .text              ro code  0x08001070    0x4  startup_stm32f429xx.o [1]
  .text              ro code  0x08001074    0x4  startup_stm32f429xx.o [1]
  .text              ro code  0x08001078    0x4  startup_stm32f429xx.o [1]
  .text              ro code  0x0800107c    0x4  startup_stm32f429xx.o [1]
  .text              ro code  0x08001080    0x4  startup_stm32f429xx.o [1]
  .text              ro code  0x08001084    0x4  startup_stm32f429xx.o [1]
  .text              ro code  0x08001088    0x4  startup_stm32f429xx.o [1]
  .text              ro code  0x0800108c    0x4  startup_stm32f429xx.o [1]
  .text              ro code  0x08001090    0x4  startup_stm32f429xx.o [1]
  .text              ro code  0x08001094    0x4  startup_stm32f429xx.o [1]
  .text              ro code  0x08001098    0x4  startup_stm32f429xx.o [1]
  .text              ro code  0x0800109c    0x4  startup_stm32f429xx.o [1]
  .text              ro code  0x080010a0    0x4  startup_stm32f429xx.o [1]
  .text              ro code  0x080010a4    0x4  startup_stm32f429xx.o [1]
  .text              ro code  0x080010a8    0x4  startup_stm32f429xx.o [1]
  .text              ro code  0x080010ac    0x4  startup_stm32f429xx.o [1]
  .text              ro code  0x080010b0    0x4  startup_stm32f429xx.o [1]
  .text              ro code  0x080010b4    0x4  startup_stm32f429xx.o [1]
  .text              ro code  0x080010b8    0x4  startup_stm32f429xx.o [1]
  .rodata            const    0x080010bc    0x0  zero_init3.o [4]
  .rodata            const    0x080010bc    0x0  copy_init3.o [4]
  Initializer bytes  ro data  0x080010bc    0x4  <for P2 s0>
                            - 0x080010c0  0xf14

"P2", part 1 of 3:                          0x4
  P2 s0                       0x20000000    0x4  <Init block>
    .data            inited   0x20000000    0x4  system_stm32f4xx.o [1]
                            - 0x20000004    0x4

"P2", part 2 of 3:                          0xc
  .bss               zero     0x20000004    0x4  main.o [1]
  .bss               zero     0x20000008    0x4  stm32f4xx_hal.o [1]
                            - 0x2000000c    0x8

"P2", part 3 of 3:                        0x400
  CSTACK                      0x20000010  0x400  <Block>
    CSTACK           uninit   0x20000010  0x400  <Block tail>
                            - 0x20000410  0x400


*******************************************************************************
*** INIT TABLE
***

          Address     Size
          -------     ----
Zero (__iar_zero_init3)
    1 destination range, total size 0x8:
          0x20000004   0x8

Copy (__iar_copy_init3)
    1 source range, total size 0x4:
          0x080010bc   0x4
    1 destination range, total size 0x4:
          0x20000000   0x4



*******************************************************************************
*** MODULE SUMMARY
***

    Module                  ro code  ro data  rw data
    ------                  -------  -------  -------
C:\Users\SeongHo\Documents\LED_POV\05_ARM_Code_Cube\EWARM\05_ARM_Code_Cube Configuration\Obj: [1]
    main.o                      984                 4
    startup_stm32f429xx.o       836
    stm32f4xx_hal.o             100                 4
    stm32f4xx_hal_cortex.o      184
    stm32f4xx_hal_gpio.o        492
    stm32f4xx_hal_msp.o          24
    stm32f4xx_hal_pwr_ex.o      116
    stm32f4xx_hal_rcc.o       1 252
    system_stm32f4xx.o           64        4        4
    -------------------------------------------------
    Total:                    4 052        4       12

command line: [2]
    -------------------------------------------------
    Total:

dl7M_tlf.a: [3]
    exit.o                        4
    low_level_init.o              4
    -------------------------------------------------
    Total:                        8

rt7M_tl.a: [4]
    cexit.o                      10
    cmain.o                      22
    copy_init3.o                 46
    cstartup_M.o                 12
    data_init3.o                 40
    zero_init3.o                 34
    -------------------------------------------------
    Total:                      164

shb_l.a: [5]
    exit.o                       20
    -------------------------------------------------
    Total:                       20

    Gaps                          4
    Linker created                        36    1 024
-----------------------------------------------------
    Grand Total:              4 248       40    1 036


*******************************************************************************
*** ENTRY LIST
***

Entry                      Address   Size  Type      Object
-----                      -------   ----  ----      ------
?main                   0x08000ed9         Code  Gb  cmain.o [4]
ADC_IRQHandler          0x08000f9d         Code  Wk  startup_stm32f429xx.o [1]
APBAHBPrescTable        0x08000680   0x10  Data  Gb  stm32f4xx_hal_rcc.o [1]
BusFault_Handler        0x08000f41         Code  Wk  startup_stm32f429xx.o [1]
CAN1_RX0_IRQHandler     0x08000fa5         Code  Wk  startup_stm32f429xx.o [1]
CAN1_RX1_IRQHandler     0x08000fa9         Code  Wk  startup_stm32f429xx.o [1]
CAN1_SCE_IRQHandler     0x08000fad         Code  Wk  startup_stm32f429xx.o [1]
CAN1_TX_IRQHandler      0x08000fa1         Code  Wk  startup_stm32f429xx.o [1]
CAN2_RX0_IRQHandler     0x08001055         Code  Wk  startup_stm32f429xx.o [1]
CAN2_RX1_IRQHandler     0x08001059         Code  Wk  startup_stm32f429xx.o [1]
CAN2_SCE_IRQHandler     0x0800105d         Code  Wk  startup_stm32f429xx.o [1]
CAN2_TX_IRQHandler      0x08001051         Code  Wk  startup_stm32f429xx.o [1]
CSTACK$$Base            0x20000010          --   Gb  - Linker created -
CSTACK$$Limit           0x20000410          --   Gb  - Linker created -
DCMI_IRQHandler         0x0800108d         Code  Wk  startup_stm32f429xx.o [1]
DMA1_Stream0_IRQHandler
                        0x08000f81         Code  Wk  startup_stm32f429xx.o [1]
DMA1_Stream1_IRQHandler
                        0x08000f85         Code  Wk  startup_stm32f429xx.o [1]
DMA1_Stream2_IRQHandler
                        0x08000f89         Code  Wk  startup_stm32f429xx.o [1]
DMA1_Stream3_IRQHandler
                        0x08000f8d         Code  Wk  startup_stm32f429xx.o [1]
DMA1_Stream4_IRQHandler
                        0x08000f91         Code  Wk  startup_stm32f429xx.o [1]
DMA1_Stream5_IRQHandler
                        0x08000f95         Code  Wk  startup_stm32f429xx.o [1]
DMA1_Stream6_IRQHandler
                        0x08000f99         Code  Wk  startup_stm32f429xx.o [1]
DMA1_Stream7_IRQHandler
                        0x08001011         Code  Wk  startup_stm32f429xx.o [1]
DMA2D_IRQHandler        0x080010b9         Code  Wk  startup_stm32f429xx.o [1]
DMA2_Stream0_IRQHandler
                        0x08001035         Code  Wk  startup_stm32f429xx.o [1]
DMA2_Stream1_IRQHandler
                        0x08001039         Code  Wk  startup_stm32f429xx.o [1]
DMA2_Stream2_IRQHandler
                        0x0800103d         Code  Wk  startup_stm32f429xx.o [1]
DMA2_Stream3_IRQHandler
                        0x08001041         Code  Wk  startup_stm32f429xx.o [1]
DMA2_Stream4_IRQHandler
                        0x08001045         Code  Wk  startup_stm32f429xx.o [1]
DMA2_Stream5_IRQHandler
                        0x08001065         Code  Wk  startup_stm32f429xx.o [1]
DMA2_Stream6_IRQHandler
                        0x08001069         Code  Wk  startup_stm32f429xx.o [1]
DMA2_Stream7_IRQHandler
                        0x0800106d         Code  Wk  startup_stm32f429xx.o [1]
DebugMon_Handler        0x08000f4d         Code  Wk  startup_stm32f429xx.o [1]
Delay                   0x080007d7    0xe  Code  Gb  main.o [1]
ETH_IRQHandler          0x08001049         Code  Wk  startup_stm32f429xx.o [1]
ETH_WKUP_IRQHandler     0x0800104d         Code  Wk  startup_stm32f429xx.o [1]
EXTI0_IRQHandler        0x08000f6d         Code  Wk  startup_stm32f429xx.o [1]
EXTI15_10_IRQHandler    0x08000ff5         Code  Wk  startup_stm32f429xx.o [1]
EXTI1_IRQHandler        0x08000f71         Code  Wk  startup_stm32f429xx.o [1]
EXTI2_IRQHandler        0x08000f75         Code  Wk  startup_stm32f429xx.o [1]
EXTI3_IRQHandler        0x08000f79         Code  Wk  startup_stm32f429xx.o [1]
EXTI4_IRQHandler        0x08000f7d         Code  Wk  startup_stm32f429xx.o [1]
EXTI9_5_IRQHandler      0x08000fb1         Code  Wk  startup_stm32f429xx.o [1]
FLASH_IRQHandler        0x08000f65         Code  Wk  startup_stm32f429xx.o [1]
FMC_IRQHandler          0x08001015         Code  Wk  startup_stm32f429xx.o [1]
FPU_IRQHandler          0x08001095         Code  Wk  startup_stm32f429xx.o [1]
HAL_GPIO_Init           0x08000b9d  0x1b0  Code  Gb  stm32f4xx_hal_gpio.o [1]
HAL_GPIO_WritePin       0x08000d4d    0x8  Code  Gb  stm32f4xx_hal_gpio.o [1]
HAL_GetTick             0x080006e5    0x6  Code  Wk  stm32f4xx_hal.o [1]
HAL_Init                0x08000691   0x30  Code  Gb  stm32f4xx_hal.o [1]
HAL_InitTick            0x080006c1   0x24  Code  Wk  stm32f4xx_hal.o [1]
HAL_MspInit             0x080007ad   0x18  Code  Gb  stm32f4xx_hal_msp.o [1]
HAL_NVIC_SetPriority    0x0800070f   0x4e  Code  Gb  stm32f4xx_hal_cortex.o [1]
HAL_NVIC_SetPriorityGrouping
                        0x080006f5   0x1a  Code  Gb  stm32f4xx_hal_cortex.o [1]
HAL_PWREx_EnableOverDrive
                        0x08000d89   0x46  Code  Gb  stm32f4xx_hal_pwr_ex.o [1]
HAL_RCC_ClockConfig     0x08000431  0x1b0  Code  Gb  stm32f4xx_hal_rcc.o [1]
HAL_RCC_GetHCLKFreq     0x08000637   0x1e  Code  Gb  stm32f4xx_hal_rcc.o [1]
HAL_RCC_GetSysClockFreq
                        0x080005ef   0x48  Code  Wk  stm32f4xx_hal_rcc.o [1]
HAL_RCC_OscConfig       0x080001ad  0x27c  Code  Wk  stm32f4xx_hal_rcc.o [1]
HAL_SYSTICK_CLKSourceConfig
                        0x0800077f   0x14  Code  Gb  stm32f4xx_hal_cortex.o [1]
HAL_SYSTICK_Config      0x0800075d   0x22  Code  Gb  stm32f4xx_hal_cortex.o [1]
HASH_RNG_IRQHandler     0x08001091         Code  Wk  startup_stm32f429xx.o [1]
HardFault_Handler       0x08000f39         Code  Wk  startup_stm32f429xx.o [1]
I2C1_ER_IRQHandler      0x08000fd5         Code  Wk  startup_stm32f429xx.o [1]
I2C1_EV_IRQHandler      0x08000fd1         Code  Wk  startup_stm32f429xx.o [1]
I2C2_ER_IRQHandler      0x08000fdd         Code  Wk  startup_stm32f429xx.o [1]
I2C2_EV_IRQHandler      0x08000fd9         Code  Wk  startup_stm32f429xx.o [1]
I2C3_ER_IRQHandler      0x08001079         Code  Wk  startup_stm32f429xx.o [1]
I2C3_EV_IRQHandler      0x08001075         Code  Wk  startup_stm32f429xx.o [1]
LTDC_ER_IRQHandler      0x080010b5         Code  Wk  startup_stm32f429xx.o [1]
LTDC_IRQHandler         0x080010b1         Code  Wk  startup_stm32f429xx.o [1]
MX_GPIO_Init            0x08000b3b   0x46  Code  Lc  main.o [1]
MemManage_Handler       0x08000f3d         Code  Wk  startup_stm32f429xx.o [1]
NMI_Handler             0x08000f35         Code  Wk  startup_stm32f429xx.o [1]
OTG_FS_IRQHandler       0x08001061         Code  Wk  startup_stm32f429xx.o [1]
OTG_FS_WKUP_IRQHandler  0x08000ffd         Code  Wk  startup_stm32f429xx.o [1]
OTG_HS_EP1_IN_IRQHandler
                        0x08001081         Code  Wk  startup_stm32f429xx.o [1]
OTG_HS_EP1_OUT_IRQHandler
                        0x0800107d         Code  Wk  startup_stm32f429xx.o [1]
OTG_HS_IRQHandler       0x08001089         Code  Wk  startup_stm32f429xx.o [1]
OTG_HS_WKUP_IRQHandler  0x08001085         Code  Wk  startup_stm32f429xx.o [1]
PUT                     0x080007e5   0x4a  Code  Gb  main.o [1]
PVD_IRQHandler          0x08000f59         Code  Wk  startup_stm32f429xx.o [1]
PendSV_Handler          0x08000f51         Code  Wk  startup_stm32f429xx.o [1]
RCC_IRQHandler          0x08000f69         Code  Wk  startup_stm32f429xx.o [1]
RTC_Alarm_IRQHandler    0x08000ff9         Code  Wk  startup_stm32f429xx.o [1]
RTC_WKUP_IRQHandler     0x08000f61         Code  Wk  startup_stm32f429xx.o [1]
Region$$Table$$Base     0x08000eb4          --   Gb  - Linker created -
Region$$Table$$Limit    0x08000ed8          --   Gb  - Linker created -
Reset_Handler           0x08000f19         Code  Wk  startup_stm32f429xx.o [1]
SAI1_IRQHandler         0x080010ad         Code  Wk  startup_stm32f429xx.o [1]
SDIO_IRQHandler         0x08001019         Code  Wk  startup_stm32f429xx.o [1]
SPI1_IRQHandler         0x08000fe1         Code  Wk  startup_stm32f429xx.o [1]
SPI2_IRQHandler         0x08000fe5         Code  Wk  startup_stm32f429xx.o [1]
SPI3_IRQHandler         0x08001021         Code  Wk  startup_stm32f429xx.o [1]
SPI4_IRQHandler         0x080010a1         Code  Wk  startup_stm32f429xx.o [1]
SPI5_IRQHandler         0x080010a5         Code  Wk  startup_stm32f429xx.o [1]
SPI6_IRQHandler         0x080010a9         Code  Wk  startup_stm32f429xx.o [1]
SVC_Handler             0x08000f49         Code  Wk  startup_stm32f429xx.o [1]
SysTick_Handler         0x080007d5    0x2  Code  Gb  main.o [1]
SystemClock_Config      0x08000aad   0x8e  Code  Gb  main.o [1]
SystemCoreClock         0x20000000    0x4  Data  Gb  system_stm32f4xx.o [1]
SystemInit              0x08000dfd   0x30  Code  Gb  system_stm32f4xx.o [1]
TAMP_STAMP_IRQHandler   0x08000f5d         Code  Wk  startup_stm32f429xx.o [1]
TIM1_BRK_TIM9_IRQHandler
                        0x08000fb5         Code  Wk  startup_stm32f429xx.o [1]
TIM1_CC_IRQHandler      0x08000fc1         Code  Wk  startup_stm32f429xx.o [1]
TIM1_TRG_COM_TIM11_IRQHandler
                        0x08000fbd         Code  Wk  startup_stm32f429xx.o [1]
TIM1_UP_TIM10_IRQHandler
                        0x08000fb9         Code  Wk  startup_stm32f429xx.o [1]
TIM2_IRQHandler         0x08000fc5         Code  Wk  startup_stm32f429xx.o [1]
TIM3_IRQHandler         0x08000fc9         Code  Wk  startup_stm32f429xx.o [1]
TIM4_IRQHandler         0x08000fcd         Code  Wk  startup_stm32f429xx.o [1]
TIM5_IRQHandler         0x0800101d         Code  Wk  startup_stm32f429xx.o [1]
TIM6_DAC_IRQHandler     0x0800102d         Code  Wk  startup_stm32f429xx.o [1]
TIM7_IRQHandler         0x08001031         Code  Wk  startup_stm32f429xx.o [1]
TIM8_BRK_TIM12_IRQHandler
                        0x08001001         Code  Wk  startup_stm32f429xx.o [1]
TIM8_CC_IRQHandler      0x0800100d         Code  Wk  startup_stm32f429xx.o [1]
TIM8_TRG_COM_TIM14_IRQHandler
                        0x08001009         Code  Wk  startup_stm32f429xx.o [1]
TIM8_UP_TIM13_IRQHandler
                        0x08001005         Code  Wk  startup_stm32f429xx.o [1]
TimingDelay             0x20000004    0x4  Data  Lc  main.o [1]
TimingDelay_Decrement   0x080007c5   0x10  Code  Gb  main.o [1]
UART4_IRQHandler        0x08001025         Code  Wk  startup_stm32f429xx.o [1]
UART5_IRQHandler        0x08001029         Code  Wk  startup_stm32f429xx.o [1]
UART7_IRQHandler        0x08001099         Code  Wk  startup_stm32f429xx.o [1]
UART8_IRQHandler        0x0800109d         Code  Wk  startup_stm32f429xx.o [1]
USART1_IRQHandler       0x08000fe9         Code  Wk  startup_stm32f429xx.o [1]
USART2_IRQHandler       0x08000fed         Code  Wk  startup_stm32f429xx.o [1]
USART3_IRQHandler       0x08000ff1         Code  Wk  startup_stm32f429xx.o [1]
USART6_IRQHandler       0x08001071         Code  Wk  startup_stm32f429xx.o [1]
UsageFault_Handler      0x08000f45         Code  Wk  startup_stm32f429xx.o [1]
WWDG_IRQHandler         0x08000f55         Code  Wk  startup_stm32f429xx.o [1]
__cmain                 0x08000ed9         Code  Gb  cmain.o [4]
__exit                  0x08000f05   0x14  Code  Gb  exit.o [5]
__iar_copy_init3        0x08000e3d   0x2e  Code  Gb  copy_init3.o [4]
__iar_data_init3        0x08000e8d   0x28  Code  Gb  data_init3.o [4]
__iar_program_start     0x08000f29         Code  Gb  cstartup_M.o [4]
__iar_zero_init3        0x08000e6b   0x22  Code  Gb  zero_init3.o [4]
__low_level_init        0x08000eef    0x4  Code  Gb  low_level_init.o [3]
__vector_table          0x08000000         Data  Gb  startup_stm32f429xx.o [1]
_call_main              0x08000ee5         Code  Gb  cmain.o [4]
_exit                   0x08000ef9         Code  Gb  cexit.o [4]
_main                   0x08000eeb         Code  Gb  cmain.o [4]
exit                    0x08000ef3    0x4  Code  Gb  exit.o [3]
main                    0x08000839  0x268  Code  Gb  main.o [1]
uwTick                  0x20000008    0x4  Data  Lc  stm32f4xx_hal.o [1]


[1] = C:\Users\SeongHo\Documents\LED_POV\05_ARM_Code_Cube\EWARM\05_ARM_Code_Cube Configuration\Obj
[2] = command line
[3] = dl7M_tlf.a
[4] = rt7M_tl.a
[5] = shb_l.a

  4 248 bytes of readonly  code memory
     40 bytes of readonly  data memory
  1 036 bytes of readwrite data memory

Errors: none
Warnings: none
