###############################################################################
#                                                                             #
# IAR ELF Linker V6.40.2.53884/W32 for ARM              20/Sep/2015  23:23:19 #
# Copyright 2007-2012 IAR Systems AB.                                         #
#                                                                             #
#    Output file  =  C:\Users\SeongHo\Documents\LED_POV\04_ARM_Code_Cube\EWAR #
#                    M\04_ARM_Code_Cube Configuration\Exe\04_ARM_Code_Cube    #
#                    Configuration.out                                        #
#    Map file     =  C:\Users\SeongHo\Documents\LED_POV\04_ARM_Code_Cube\EWAR #
#                    M\04_ARM_Code_Cube Configuration/List\04_ARM_Code_Cube   #
#                    Configuration.map                                        #
#    Command line =  "C:\Users\SeongHo\Documents\LED_POV\04_ARM_Code_Cube\EWA #
#                    RM\04_ARM_Code_Cube Configuration\Obj\main.o"            #
#                    "C:\Users\SeongHo\Documents\LED_POV\04_ARM_Code_Cube\EWA #
#                    RM\04_ARM_Code_Cube Configuration\Obj\startup_stm32f407x #
#                    x.o" "C:\Users\SeongHo\Documents\LED_POV\04_ARM_Code_Cub #
#                    e\EWARM\04_ARM_Code_Cube Configuration\Obj\stm32f4xx_hal #
#                    .o" "C:\Users\SeongHo\Documents\LED_POV\04_ARM_Code_Cube #
#                    \EWARM\04_ARM_Code_Cube Configuration\Obj\stm32f4xx_hal_ #
#                    cortex.o" "C:\Users\SeongHo\Documents\LED_POV\04_ARM_Cod #
#                    e_Cube\EWARM\04_ARM_Code_Cube                            #
#                    Configuration\Obj\stm32f4xx_hal_dma.o"                   #
#                    "C:\Users\SeongHo\Documents\LED_POV\04_ARM_Code_Cube\EWA #
#                    RM\04_ARM_Code_Cube Configuration\Obj\stm32f4xx_hal_dma_ #
#                    ex.o" "C:\Users\SeongHo\Documents\LED_POV\04_ARM_Code_Cu #
#                    be\EWARM\04_ARM_Code_Cube Configuration\Obj\stm32f4xx_ha #
#                    l_flash.o" "C:\Users\SeongHo\Documents\LED_POV\04_ARM_Co #
#                    de_Cube\EWARM\04_ARM_Code_Cube                           #
#                    Configuration\Obj\stm32f4xx_hal_flash_ex.o"              #
#                    "C:\Users\SeongHo\Documents\LED_POV\04_ARM_Code_Cube\EWA #
#                    RM\04_ARM_Code_Cube Configuration\Obj\stm32f4xx_hal_flas #
#                    h_ramfunc.o" "C:\Users\SeongHo\Documents\LED_POV\04_ARM_ #
#                    Code_Cube\EWARM\04_ARM_Code_Cube                         #
#                    Configuration\Obj\stm32f4xx_hal_gpio.o"                  #
#                    "C:\Users\SeongHo\Documents\LED_POV\04_ARM_Code_Cube\EWA #
#                    RM\04_ARM_Code_Cube Configuration\Obj\stm32f4xx_hal_msp. #
#                    o" "C:\Users\SeongHo\Documents\LED_POV\04_ARM_Code_Cube\ #
#                    EWARM\04_ARM_Code_Cube Configuration\Obj\stm32f4xx_hal_p #
#                    wr.o" "C:\Users\SeongHo\Documents\LED_POV\04_ARM_Code_Cu #
#                    be\EWARM\04_ARM_Code_Cube Configuration\Obj\stm32f4xx_ha #
#                    l_pwr_ex.o" "C:\Users\SeongHo\Documents\LED_POV\04_ARM_C #
#                    ode_Cube\EWARM\04_ARM_Code_Cube                          #
#                    Configuration\Obj\stm32f4xx_hal_rcc.o"                   #
#                    "C:\Users\SeongHo\Documents\LED_POV\04_ARM_Code_Cube\EWA #
#                    RM\04_ARM_Code_Cube Configuration\Obj\stm32f4xx_hal_rcc_ #
#                    ex.o" "C:\Users\SeongHo\Documents\LED_POV\04_ARM_Code_Cu #
#                    be\EWARM\04_ARM_Code_Cube Configuration\Obj\stm32f4xx_it #
#                    .o" "C:\Users\SeongHo\Documents\LED_POV\04_ARM_Code_Cube #
#                    \EWARM\04_ARM_Code_Cube Configuration\Obj\system_stm32f4 #
#                    xx.o" --redirect _Printf=_PrintfFull --redirect          #
#                    _Scanf=_ScanfFull -o "C:\Users\SeongHo\Documents\LED_POV #
#                    \04_ARM_Code_Cube\EWARM\04_ARM_Code_Cube                 #
#                    Configuration\Exe\04_ARM_Code_Cube Configuration.out"    #
#                    --map "C:\Users\SeongHo\Documents\LED_POV\04_ARM_Code_Cu #
#                    be\EWARM\04_ARM_Code_Cube Configuration/List\04_ARM_Code #
#                    _Cube Configuration.map" --config                        #
#                    C:\Users\SeongHo\Documents\LED_POV\04_ARM_Code_Cube\EWAR #
#                    M\stm32f407xx_flash.icf --semihosting --entry            #
#                    __iar_program_start --vfe                                #
#                                                                             #
#                                                                             #
###############################################################################

*******************************************************************************
*** RUNTIME MODEL ATTRIBUTES
***

CppFlavor       = *
__SystemLibrary = DLib


*******************************************************************************
*** PLACEMENT SUMMARY
***

"A1":  place at 0x08000000 { ro section .intvec };
"P1":  place in [from 0x08000000 to 0x080fffff] { ro };
"P2":  place in [from 0x20000000 to 0x2001ffff] { rw, block CSTACK, block HEAP };

  Section            Kind        Address   Size  Object
  -------            ----        -------   ----  ------
"A1":                                     0x188
  .intvec            ro code  0x08000000  0x188  startup_stm32f407xx.o [1]
                            - 0x08000188  0x188

"P1":                                     0xbc4
  .text              ro code  0x08000188  0x4e4  stm32f4xx_hal_rcc.o [1]
  .text              ro code  0x0800066c   0x64  stm32f4xx_hal.o [1]
  .text              ro code  0x080006d0   0xb8  stm32f4xx_hal_cortex.o [1]
  .text              ro code  0x08000788   0x18  stm32f4xx_hal_msp.o [1]
  .text              ro code  0x080007a0  0x1e0  stm32f4xx_hal_gpio.o [1]
  .text              ro code  0x08000980  0x12c  main.o [1]
  .text              ro code  0x08000aac   0x40  system_stm32f4xx.o [1]
  .text              ro code  0x08000aec   0x2e  copy_init3.o [4]
  .text              ro code  0x08000b1a   0x22  zero_init3.o [4]
  .text              ro code  0x08000b3c   0x28  data_init3.o [4]
  .iar.init_table    const    0x08000b64   0x24  - Linker created -
  .text              ro code  0x08000b88   0x16  cmain.o [4]
  .text              ro code  0x08000b9e    0x4  low_level_init.o [3]
  .text              ro code  0x08000ba2    0x4  exit.o [3]
  .text              ro code  0x08000ba8    0xa  cexit.o [4]
  .text              ro code  0x08000bb4   0x14  exit.o [5]
  .text              ro code  0x08000bc8   0x10  startup_stm32f407xx.o [1]
  .text              ro code  0x08000bd8    0xc  cstartup_M.o [4]
  .text              ro code  0x08000be4    0x4  startup_stm32f407xx.o [1]
  .text              ro code  0x08000be8    0x4  startup_stm32f407xx.o [1]
  .text              ro code  0x08000bec    0x4  startup_stm32f407xx.o [1]
  .text              ro code  0x08000bf0    0x4  startup_stm32f407xx.o [1]
  .text              ro code  0x08000bf4    0x4  startup_stm32f407xx.o [1]
  .text              ro code  0x08000bf8    0x4  startup_stm32f407xx.o [1]
  .text              ro code  0x08000bfc    0x4  startup_stm32f407xx.o [1]
  .text              ro code  0x08000c00    0x4  startup_stm32f407xx.o [1]
  .text              ro code  0x08000c04    0x4  startup_stm32f407xx.o [1]
  .text              ro code  0x08000c08    0x4  startup_stm32f407xx.o [1]
  .text              ro code  0x08000c0c    0x4  startup_stm32f407xx.o [1]
  .text              ro code  0x08000c10    0x4  startup_stm32f407xx.o [1]
  .text              ro code  0x08000c14    0x4  startup_stm32f407xx.o [1]
  .text              ro code  0x08000c18    0x4  startup_stm32f407xx.o [1]
  .text              ro code  0x08000c1c    0x4  startup_stm32f407xx.o [1]
  .text              ro code  0x08000c20    0x4  startup_stm32f407xx.o [1]
  .text              ro code  0x08000c24    0x4  startup_stm32f407xx.o [1]
  .text              ro code  0x08000c28    0x4  startup_stm32f407xx.o [1]
  .text              ro code  0x08000c2c    0x4  startup_stm32f407xx.o [1]
  .text              ro code  0x08000c30    0x4  startup_stm32f407xx.o [1]
  .text              ro code  0x08000c34    0x4  startup_stm32f407xx.o [1]
  .text              ro code  0x08000c38    0x4  startup_stm32f407xx.o [1]
  .text              ro code  0x08000c3c    0x4  startup_stm32f407xx.o [1]
  .text              ro code  0x08000c40    0x4  startup_stm32f407xx.o [1]
  .text              ro code  0x08000c44    0x4  startup_stm32f407xx.o [1]
  .text              ro code  0x08000c48    0x4  startup_stm32f407xx.o [1]
  .text              ro code  0x08000c4c    0x4  startup_stm32f407xx.o [1]
  .text              ro code  0x08000c50    0x4  startup_stm32f407xx.o [1]
  .text              ro code  0x08000c54    0x4  startup_stm32f407xx.o [1]
  .text              ro code  0x08000c58    0x4  startup_stm32f407xx.o [1]
  .text              ro code  0x08000c5c    0x4  startup_stm32f407xx.o [1]
  .text              ro code  0x08000c60    0x4  startup_stm32f407xx.o [1]
  .text              ro code  0x08000c64    0x4  startup_stm32f407xx.o [1]
  .text              ro code  0x08000c68    0x4  startup_stm32f407xx.o [1]
  .text              ro code  0x08000c6c    0x4  startup_stm32f407xx.o [1]
  .text              ro code  0x08000c70    0x4  startup_stm32f407xx.o [1]
  .text              ro code  0x08000c74    0x4  startup_stm32f407xx.o [1]
  .text              ro code  0x08000c78    0x4  startup_stm32f407xx.o [1]
  .text              ro code  0x08000c7c    0x4  startup_stm32f407xx.o [1]
  .text              ro code  0x08000c80    0x4  startup_stm32f407xx.o [1]
  .text              ro code  0x08000c84    0x4  startup_stm32f407xx.o [1]
  .text              ro code  0x08000c88    0x4  startup_stm32f407xx.o [1]
  .text              ro code  0x08000c8c    0x4  startup_stm32f407xx.o [1]
  .text              ro code  0x08000c90    0x4  startup_stm32f407xx.o [1]
  .text              ro code  0x08000c94    0x4  startup_stm32f407xx.o [1]
  .text              ro code  0x08000c98    0x4  startup_stm32f407xx.o [1]
  .text              ro code  0x08000c9c    0x4  startup_stm32f407xx.o [1]
  .text              ro code  0x08000ca0    0x4  startup_stm32f407xx.o [1]
  .text              ro code  0x08000ca4    0x4  startup_stm32f407xx.o [1]
  .text              ro code  0x08000ca8    0x4  startup_stm32f407xx.o [1]
  .text              ro code  0x08000cac    0x4  startup_stm32f407xx.o [1]
  .text              ro code  0x08000cb0    0x4  startup_stm32f407xx.o [1]
  .text              ro code  0x08000cb4    0x4  startup_stm32f407xx.o [1]
  .text              ro code  0x08000cb8    0x4  startup_stm32f407xx.o [1]
  .text              ro code  0x08000cbc    0x4  startup_stm32f407xx.o [1]
  .text              ro code  0x08000cc0    0x4  startup_stm32f407xx.o [1]
  .text              ro code  0x08000cc4    0x4  startup_stm32f407xx.o [1]
  .text              ro code  0x08000cc8    0x4  startup_stm32f407xx.o [1]
  .text              ro code  0x08000ccc    0x4  startup_stm32f407xx.o [1]
  .text              ro code  0x08000cd0    0x4  startup_stm32f407xx.o [1]
  .text              ro code  0x08000cd4    0x4  startup_stm32f407xx.o [1]
  .text              ro code  0x08000cd8    0x4  startup_stm32f407xx.o [1]
  .text              ro code  0x08000cdc    0x4  startup_stm32f407xx.o [1]
  .text              ro code  0x08000ce0    0x4  startup_stm32f407xx.o [1]
  .text              ro code  0x08000ce4    0x4  startup_stm32f407xx.o [1]
  .text              ro code  0x08000ce8    0x4  startup_stm32f407xx.o [1]
  .text              ro code  0x08000cec    0x4  startup_stm32f407xx.o [1]
  .text              ro code  0x08000cf0    0x4  startup_stm32f407xx.o [1]
  .text              ro code  0x08000cf4    0x4  startup_stm32f407xx.o [1]
  .text              ro code  0x08000cf8    0x4  startup_stm32f407xx.o [1]
  .text              ro code  0x08000cfc    0x4  startup_stm32f407xx.o [1]
  .text              ro code  0x08000d00    0x4  startup_stm32f407xx.o [1]
  .text              ro code  0x08000d04    0x4  startup_stm32f407xx.o [1]
  .text              ro code  0x08000d08    0x4  startup_stm32f407xx.o [1]
  .text              ro code  0x08000d0c    0x4  startup_stm32f407xx.o [1]
  .text              ro code  0x08000d10    0x4  startup_stm32f407xx.o [1]
  .text              ro code  0x08000d14    0x4  startup_stm32f407xx.o [1]
  .text              ro code  0x08000d18    0x4  startup_stm32f407xx.o [1]
  .text              ro code  0x08000d1c    0x4  startup_stm32f407xx.o [1]
  .text              ro code  0x08000d20    0x4  startup_stm32f407xx.o [1]
  .text              ro code  0x08000d24    0x4  startup_stm32f407xx.o [1]
  .text              ro code  0x08000d28    0x4  startup_stm32f407xx.o [1]
  .text              ro code  0x08000d2c    0x4  startup_stm32f407xx.o [1]
  .text              ro code  0x08000d30    0x4  startup_stm32f407xx.o [1]
  .text              ro code  0x08000d34    0x4  startup_stm32f407xx.o [1]
  .text              ro code  0x08000d38    0x4  startup_stm32f407xx.o [1]
  .text              ro code  0x08000d3c    0x4  startup_stm32f407xx.o [1]
  .text              ro code  0x08000d40    0x4  startup_stm32f407xx.o [1]
  .text              ro code  0x08000d44    0x4  startup_stm32f407xx.o [1]
  .rodata            const    0x08000d48    0x0  zero_init3.o [4]
  .rodata            const    0x08000d48    0x0  copy_init3.o [4]
  Initializer bytes  ro data  0x08000d48    0x4  <for P2 s0>
                            - 0x08000d4c  0xbc4

"P2", part 1 of 3:                          0x4
  P2 s0                       0x20000000    0x4  <Init block>
    .data            inited   0x20000000    0x4  system_stm32f4xx.o [1]
                            - 0x20000004    0x4

"P2", part 2 of 3:                          0xc
  .bss               zero     0x20000004    0x4  main.o [1]
  .bss               zero     0x20000008    0x4  stm32f4xx_hal.o [1]
                            - 0x2000000c    0x8

"P2", part 3 of 3:                        0x400
  CSTACK                      0x20000010  0x400  <Block>
    CSTACK           uninit   0x20000010  0x400  <Block tail>
                            - 0x20000410  0x400


*******************************************************************************
*** INIT TABLE
***

          Address     Size
          -------     ----
Zero (__iar_zero_init3)
    1 destination range, total size 0x8:
          0x20000004   0x8

Copy (__iar_copy_init3)
    1 source range, total size 0x4:
          0x08000d48   0x4
    1 destination range, total size 0x4:
          0x20000000   0x4



*******************************************************************************
*** MODULE SUMMARY
***

    Module                  ro code  ro data  rw data
    ------                  -------  -------  -------
C:\Users\SeongHo\Documents\LED_POV\04_ARM_Code_Cube\EWARM\04_ARM_Code_Cube Configuration\Obj: [1]
    main.o                      300                 4
    startup_stm32f407xx.o       764
    stm32f4xx_hal.o             100                 4
    stm32f4xx_hal_cortex.o      184
    stm32f4xx_hal_gpio.o        480
    stm32f4xx_hal_msp.o          24
    stm32f4xx_hal_rcc.o       1 252
    system_stm32f4xx.o           64        4        4
    -------------------------------------------------
    Total:                    3 168        4       12

command line: [2]
    -------------------------------------------------
    Total:

dl7M_tlf.a: [3]
    exit.o                        4
    low_level_init.o              4
    -------------------------------------------------
    Total:                        8

rt7M_tl.a: [4]
    cexit.o                      10
    cmain.o                      22
    copy_init3.o                 46
    cstartup_M.o                 12
    data_init3.o                 40
    zero_init3.o                 34
    -------------------------------------------------
    Total:                      164

shb_l.a: [5]
    exit.o                       20
    -------------------------------------------------
    Total:                       20

    Gaps                          4
    Linker created                        36    1 024
-----------------------------------------------------
    Grand Total:              3 364       40    1 036


*******************************************************************************
*** ENTRY LIST
***

Entry                      Address   Size  Type      Object
-----                      -------   ----  ----      ------
?main                   0x08000b89         Code  Gb  cmain.o [4]
ADC_IRQHandler          0x08000c4d         Code  Wk  startup_stm32f407xx.o [1]
APBAHBPrescTable        0x0800065c   0x10  Data  Gb  stm32f4xx_hal_rcc.o [1]
BusFault_Handler        0x08000bf1         Code  Wk  startup_stm32f407xx.o [1]
CAN1_RX0_IRQHandler     0x08000c55         Code  Wk  startup_stm32f407xx.o [1]
CAN1_RX1_IRQHandler     0x08000c59         Code  Wk  startup_stm32f407xx.o [1]
CAN1_SCE_IRQHandler     0x08000c5d         Code  Wk  startup_stm32f407xx.o [1]
CAN1_TX_IRQHandler      0x08000c51         Code  Wk  startup_stm32f407xx.o [1]
CAN2_RX0_IRQHandler     0x08000d05         Code  Wk  startup_stm32f407xx.o [1]
CAN2_RX1_IRQHandler     0x08000d09         Code  Wk  startup_stm32f407xx.o [1]
CAN2_SCE_IRQHandler     0x08000d0d         Code  Wk  startup_stm32f407xx.o [1]
CAN2_TX_IRQHandler      0x08000d01         Code  Wk  startup_stm32f407xx.o [1]
CSTACK$$Base            0x20000010          --   Gb  - Linker created -
CSTACK$$Limit           0x20000410          --   Gb  - Linker created -
DCMI_IRQHandler         0x08000d3d         Code  Wk  startup_stm32f407xx.o [1]
DMA1_Stream0_IRQHandler
                        0x08000c31         Code  Wk  startup_stm32f407xx.o [1]
DMA1_Stream1_IRQHandler
                        0x08000c35         Code  Wk  startup_stm32f407xx.o [1]
DMA1_Stream2_IRQHandler
                        0x08000c39         Code  Wk  startup_stm32f407xx.o [1]
DMA1_Stream3_IRQHandler
                        0x08000c3d         Code  Wk  startup_stm32f407xx.o [1]
DMA1_Stream4_IRQHandler
                        0x08000c41         Code  Wk  startup_stm32f407xx.o [1]
DMA1_Stream5_IRQHandler
                        0x08000c45         Code  Wk  startup_stm32f407xx.o [1]
DMA1_Stream6_IRQHandler
                        0x08000c49         Code  Wk  startup_stm32f407xx.o [1]
DMA1_Stream7_IRQHandler
                        0x08000cc1         Code  Wk  startup_stm32f407xx.o [1]
DMA2_Stream0_IRQHandler
                        0x08000ce5         Code  Wk  startup_stm32f407xx.o [1]
DMA2_Stream1_IRQHandler
                        0x08000ce9         Code  Wk  startup_stm32f407xx.o [1]
DMA2_Stream2_IRQHandler
                        0x08000ced         Code  Wk  startup_stm32f407xx.o [1]
DMA2_Stream3_IRQHandler
                        0x08000cf1         Code  Wk  startup_stm32f407xx.o [1]
DMA2_Stream4_IRQHandler
                        0x08000cf5         Code  Wk  startup_stm32f407xx.o [1]
DMA2_Stream5_IRQHandler
                        0x08000d15         Code  Wk  startup_stm32f407xx.o [1]
DMA2_Stream6_IRQHandler
                        0x08000d19         Code  Wk  startup_stm32f407xx.o [1]
DMA2_Stream7_IRQHandler
                        0x08000d1d         Code  Wk  startup_stm32f407xx.o [1]
DebugMon_Handler        0x08000bfd         Code  Wk  startup_stm32f407xx.o [1]
Delay                   0x08000991    0xc  Code  Gb  main.o [1]
ETH_IRQHandler          0x08000cf9         Code  Wk  startup_stm32f407xx.o [1]
ETH_WKUP_IRQHandler     0x08000cfd         Code  Wk  startup_stm32f407xx.o [1]
EXTI0_IRQHandler        0x08000c1d         Code  Wk  startup_stm32f407xx.o [1]
EXTI15_10_IRQHandler    0x08000ca5         Code  Wk  startup_stm32f407xx.o [1]
EXTI1_IRQHandler        0x08000c21         Code  Wk  startup_stm32f407xx.o [1]
EXTI2_IRQHandler        0x08000c25         Code  Wk  startup_stm32f407xx.o [1]
EXTI3_IRQHandler        0x08000c29         Code  Wk  startup_stm32f407xx.o [1]
EXTI4_IRQHandler        0x08000c2d         Code  Wk  startup_stm32f407xx.o [1]
EXTI9_5_IRQHandler      0x08000c61         Code  Wk  startup_stm32f407xx.o [1]
FLASH_IRQHandler        0x08000c15         Code  Wk  startup_stm32f407xx.o [1]
FPU_IRQHandler          0x08000d45         Code  Wk  startup_stm32f407xx.o [1]
FSMC_IRQHandler         0x08000cc5         Code  Wk  startup_stm32f407xx.o [1]
HAL_GPIO_Init           0x080007a1  0x1a6  Code  Gb  stm32f4xx_hal_gpio.o [1]
HAL_GPIO_WritePin       0x08000947    0x8  Code  Gb  stm32f4xx_hal_gpio.o [1]
HAL_GetTick             0x080006c1    0x6  Code  Wk  stm32f4xx_hal.o [1]
HAL_Init                0x0800066d   0x30  Code  Gb  stm32f4xx_hal.o [1]
HAL_InitTick            0x0800069d   0x24  Code  Wk  stm32f4xx_hal.o [1]
HAL_MspInit             0x08000789   0x18  Code  Gb  stm32f4xx_hal_msp.o [1]
HAL_NVIC_SetPriority    0x080006eb   0x4e  Code  Gb  stm32f4xx_hal_cortex.o [1]
HAL_NVIC_SetPriorityGrouping
                        0x080006d1   0x1a  Code  Gb  stm32f4xx_hal_cortex.o [1]
HAL_RCC_ClockConfig     0x0800040d  0x1b0  Code  Gb  stm32f4xx_hal_rcc.o [1]
HAL_RCC_GetHCLKFreq     0x08000613   0x1e  Code  Gb  stm32f4xx_hal_rcc.o [1]
HAL_RCC_GetSysClockFreq
                        0x080005cb   0x48  Code  Wk  stm32f4xx_hal_rcc.o [1]
HAL_RCC_OscConfig       0x08000189  0x27c  Code  Wk  stm32f4xx_hal_rcc.o [1]
HAL_SYSTICK_CLKSourceConfig
                        0x0800075b   0x14  Code  Gb  stm32f4xx_hal_cortex.o [1]
HAL_SYSTICK_Config      0x08000739   0x22  Code  Gb  stm32f4xx_hal_cortex.o [1]
HASH_RNG_IRQHandler     0x08000d41         Code  Wk  startup_stm32f407xx.o [1]
HardFault_Handler       0x08000be9         Code  Wk  startup_stm32f407xx.o [1]
I2C1_ER_IRQHandler      0x08000c85         Code  Wk  startup_stm32f407xx.o [1]
I2C1_EV_IRQHandler      0x08000c81         Code  Wk  startup_stm32f407xx.o [1]
I2C2_ER_IRQHandler      0x08000c8d         Code  Wk  startup_stm32f407xx.o [1]
I2C2_EV_IRQHandler      0x08000c89         Code  Wk  startup_stm32f407xx.o [1]
I2C3_ER_IRQHandler      0x08000d29         Code  Wk  startup_stm32f407xx.o [1]
I2C3_EV_IRQHandler      0x08000d25         Code  Wk  startup_stm32f407xx.o [1]
MX_GPIO_Init            0x08000a5d   0x34  Code  Lc  main.o [1]
MemManage_Handler       0x08000bed         Code  Wk  startup_stm32f407xx.o [1]
NMI_Handler             0x08000be5         Code  Wk  startup_stm32f407xx.o [1]
OTG_FS_IRQHandler       0x08000d11         Code  Wk  startup_stm32f407xx.o [1]
OTG_FS_WKUP_IRQHandler  0x08000cad         Code  Wk  startup_stm32f407xx.o [1]
OTG_HS_EP1_IN_IRQHandler
                        0x08000d31         Code  Wk  startup_stm32f407xx.o [1]
OTG_HS_EP1_OUT_IRQHandler
                        0x08000d2d         Code  Wk  startup_stm32f407xx.o [1]
OTG_HS_IRQHandler       0x08000d39         Code  Wk  startup_stm32f407xx.o [1]
OTG_HS_WKUP_IRQHandler  0x08000d35         Code  Wk  startup_stm32f407xx.o [1]
PVD_IRQHandler          0x08000c09         Code  Wk  startup_stm32f407xx.o [1]
PendSV_Handler          0x08000c01         Code  Wk  startup_stm32f407xx.o [1]
RCC_IRQHandler          0x08000c19         Code  Wk  startup_stm32f407xx.o [1]
RTC_Alarm_IRQHandler    0x08000ca9         Code  Wk  startup_stm32f407xx.o [1]
RTC_WKUP_IRQHandler     0x08000c11         Code  Wk  startup_stm32f407xx.o [1]
Region$$Table$$Base     0x08000b64          --   Gb  - Linker created -
Region$$Table$$Limit    0x08000b88          --   Gb  - Linker created -
Reset_Handler           0x08000bc9         Code  Wk  startup_stm32f407xx.o [1]
SDIO_IRQHandler         0x08000cc9         Code  Wk  startup_stm32f407xx.o [1]
SPI1_IRQHandler         0x08000c91         Code  Wk  startup_stm32f407xx.o [1]
SPI2_IRQHandler         0x08000c95         Code  Wk  startup_stm32f407xx.o [1]
SPI3_IRQHandler         0x08000cd1         Code  Wk  startup_stm32f407xx.o [1]
SVC_Handler             0x08000bf9         Code  Wk  startup_stm32f407xx.o [1]
SysTick_Handler         0x0800098f    0x2  Code  Gb  main.o [1]
SystemClock_Config      0x080009d3   0x8a  Code  Gb  main.o [1]
SystemCoreClock         0x20000000    0x4  Data  Gb  system_stm32f4xx.o [1]
SystemInit              0x08000aad   0x30  Code  Gb  system_stm32f4xx.o [1]
TAMP_STAMP_IRQHandler   0x08000c0d         Code  Wk  startup_stm32f407xx.o [1]
TIM1_BRK_TIM9_IRQHandler
                        0x08000c65         Code  Wk  startup_stm32f407xx.o [1]
TIM1_CC_IRQHandler      0x08000c71         Code  Wk  startup_stm32f407xx.o [1]
TIM1_TRG_COM_TIM11_IRQHandler
                        0x08000c6d         Code  Wk  startup_stm32f407xx.o [1]
TIM1_UP_TIM10_IRQHandler
                        0x08000c69         Code  Wk  startup_stm32f407xx.o [1]
TIM2_IRQHandler         0x08000c75         Code  Wk  startup_stm32f407xx.o [1]
TIM3_IRQHandler         0x08000c79         Code  Wk  startup_stm32f407xx.o [1]
TIM4_IRQHandler         0x08000c7d         Code  Wk  startup_stm32f407xx.o [1]
TIM5_IRQHandler         0x08000ccd         Code  Wk  startup_stm32f407xx.o [1]
TIM6_DAC_IRQHandler     0x08000cdd         Code  Wk  startup_stm32f407xx.o [1]
TIM7_IRQHandler         0x08000ce1         Code  Wk  startup_stm32f407xx.o [1]
TIM8_BRK_TIM12_IRQHandler
                        0x08000cb1         Code  Wk  startup_stm32f407xx.o [1]
TIM8_CC_IRQHandler      0x08000cbd         Code  Wk  startup_stm32f407xx.o [1]
TIM8_TRG_COM_TIM14_IRQHandler
                        0x08000cb9         Code  Wk  startup_stm32f407xx.o [1]
TIM8_UP_TIM13_IRQHandler
                        0x08000cb5         Code  Wk  startup_stm32f407xx.o [1]
TimingDelay             0x20000004    0x4  Data  Lc  main.o [1]
TimingDelay_Decrement   0x08000981    0xe  Code  Gb  main.o [1]
UART4_IRQHandler        0x08000cd5         Code  Wk  startup_stm32f407xx.o [1]
UART5_IRQHandler        0x08000cd9         Code  Wk  startup_stm32f407xx.o [1]
USART1_IRQHandler       0x08000c99         Code  Wk  startup_stm32f407xx.o [1]
USART2_IRQHandler       0x08000c9d         Code  Wk  startup_stm32f407xx.o [1]
USART3_IRQHandler       0x08000ca1         Code  Wk  startup_stm32f407xx.o [1]
USART6_IRQHandler       0x08000d21         Code  Wk  startup_stm32f407xx.o [1]
UsageFault_Handler      0x08000bf5         Code  Wk  startup_stm32f407xx.o [1]
WWDG_IRQHandler         0x08000c05         Code  Wk  startup_stm32f407xx.o [1]
__cmain                 0x08000b89         Code  Gb  cmain.o [4]
__exit                  0x08000bb5   0x14  Code  Gb  exit.o [5]
__iar_copy_init3        0x08000aed   0x2e  Code  Gb  copy_init3.o [4]
__iar_data_init3        0x08000b3d   0x28  Code  Gb  data_init3.o [4]
__iar_program_start     0x08000bd9         Code  Gb  cstartup_M.o [4]
__iar_zero_init3        0x08000b1b   0x22  Code  Gb  zero_init3.o [4]
__low_level_init        0x08000b9f    0x4  Code  Gb  low_level_init.o [3]
__vector_table          0x08000000         Data  Gb  startup_stm32f407xx.o [1]
_call_main              0x08000b95         Code  Gb  cmain.o [4]
_exit                   0x08000ba9         Code  Gb  cexit.o [4]
_main                   0x08000b9b         Code  Gb  cmain.o [4]
exit                    0x08000ba3    0x4  Code  Gb  exit.o [3]
main                    0x0800099d   0x36  Code  Gb  main.o [1]
uwTick                  0x20000008    0x4  Data  Lc  stm32f4xx_hal.o [1]


[1] = C:\Users\SeongHo\Documents\LED_POV\04_ARM_Code_Cube\EWARM\04_ARM_Code_Cube Configuration\Obj
[2] = command line
[3] = dl7M_tlf.a
[4] = rt7M_tl.a
[5] = shb_l.a

  3 364 bytes of readonly  code memory
     40 bytes of readonly  data memory
  1 036 bytes of readwrite data memory

Errors: none
Warnings: none
